// Jest Snapshot v1, https://goo.gl/fbAQLPexports[`ReactHooks works with ReactDOMServer calls inside a component 1`] = `"<p>hello</p>0<p>bye</p>"`;