// Jest Snapshot v1, https://goo.gl/fbAQLPexports[`ReactFabric recreates host parents even if only children changed 1`] = `"11 RCTView nullView null RCTView {"title":"a"} RCTView {"title":"b"} RCTView {"title":"c"} RCTView {"title":"d"} RCTView {"title":"e"} RCTView {"title":"f"} RCTView {"title":"g"} RCTView {"title":"h"} RCTView {"title":"i"} RCTView {"title":"j"} RCTView {"title":"k"} RCTView {"title":"l"} RCTView {"title":"m"} RCTView {"title":"n"} RCTView {"title":"o"} RCTView {"title":"p"} RCTView {"title":"q"} RCTView {"title":"r"} RCTView {"title":"s"} RCTView {"title":"t"}"`;exports[`ReactFabric recreates host parents even if only children changed 2`] = `"11 RCTView nullView null RCTView {"title":"m"} RCTView {"title":"x"} RCTView {"title":"h"} RCTView {"title":"p"} RCTView {"title":"g"} RCTView {"title":"w"} RCTView {"title":"f"} RCTView {"title":"r"} RCTView {"title":"a"} RCTView {"title":"l"} RCTView {"title":"k"} RCTView {"title":"e"} RCTView {"title":"o"} RCTView {"title":"i"} RCTView {"title":"v"} RCTView {"title":"c"} RCTView {"title":"s"} RCTView {"title":"t"} RCTView {"title":"z"} RCTView {"title":"y"}"`;exports[`ReactFabric renders and reorders children 1`] = `"11 RCTView nullView {"title":"a"}View {"title":"b"}View {"title":"c"}View {"title":"d"}View {"title":"e"}View {"title":"f"}View {"title":"g"}View {"title":"h"}View {"title":"i"}View {"title":"j"}View {"title":"k"}View {"title":"l"}View {"title":"m"}View {"title":"n"}View {"title":"o"}View {"title":"p"}View {"title":"q"}View {"title":"r"}View {"title":"s"}View {"title":"t"}"`;exports[`ReactFabric renders and reorders children 2`] = `"11 RCTView nullView {"title":"m"}View {"title":"x"}View {"title":"h"}View {"title":"p"}View {"title":"g"}View {"title":"w"}View {"title":"f"}View {"title":"r"}View {"title":"a"}View {"title":"l"}View {"title":"k"}View {"title":"e"}View {"title":"o"}View {"title":"i"}View {"title":"v"}View {"title":"c"}View {"title":"s"}View {"title":"t"}View {"title":"z"}View {"title":"y"}"`;exports[`ReactFabric should call complete after inserting children 1`] = `[  "RCTView {"foo":"a"}  RCTView {"foo":"b"}",]`;exports[`ReactFabric should only pass props diffs to FabricUIManager.cloneNode 1`] = `"11 RCTText {"foo":"a","bar":"b"}RawText {"text":"1"}"`;exports[`ReactFabric should only pass props diffs to FabricUIManager.cloneNode 2`] = `"11 RCTText {"foo":"b","bar":"b"}RawText {"text":"2"}"`;